################################################################################
#                                                                              #
#      IAR Universal Linker V6.6.2.104                                         #
#                                                                              #
#           Link time     =  16/Feb/2022  20:14:43                             #
#           Target CPU    =  MSP430                                            #
#           List file     =  C:\Users\guilh\OneDrive\CEFET\LSDIII\Sistema_de_T #
#                            emporizacao\codigo\Debug\List\sistema_de_temporiz #
#                            acao.map                                          #
#           Output file 1 =  C:\Users\guilh\OneDrive\CEFET\LSDIII\Sistema_de_T #
#                            emporizacao\codigo\Debug\Exe\sistema_de_temporiza #
#                            cao.elf                                           #
#                            Format: elf                                       #
#           Output file 2 =  C:\Users\guilh\OneDrive\CEFET\LSDIII\Sistema_de_T #
#                            emporizacao\codigo\Debug\Exe\sistema_de_temporiza #
#                            cao.d43                                           #
#                            Format: ubrof10                                   #
#                            UBROF version 10.0.6                              #
#                            Using library modules for C-SPY (-rt)             #
#           Command line  =  -f C:\Users\guilh\AppData\Local\Temp\EWFC2D.tmp   #
#                            (C:\Users\guilh\OneDrive\CEFET\LSDIII\Sistema_de_ #
#                            Temporizacao\codigo\Debug\Obj\funcionalidades.r43 #
#                            C:\Users\guilh\OneDrive\CEFET\LSDIII\Sistema_de_T #
#                            emporizacao\codigo\Debug\Obj\lcd.r43              #
#                            C:\Users\guilh\OneDrive\CEFET\LSDIII\Sistema_de_T #
#                            emporizacao\codigo\Debug\Obj\main.r43             #
#                            C:\Users\guilh\OneDrive\CEFET\LSDIII\Sistema_de_T #
#                            emporizacao\codigo\Debug\Obj\teclado.r43          #
#                            C:\Users\guilh\OneDrive\CEFET\LSDIII\Sistema_de_T #
#                            emporizacao\codigo\Debug\Obj\timer.r43            #
#                            -o                                                #
#                            C:\Users\guilh\OneDrive\CEFET\LSDIII\Sistema_de_T #
#                            emporizacao\codigo\Debug\Exe\sistema_de_temporiza #
#                            cao.d43                                           #
#                            -l                                                #
#                            C:\Users\guilh\OneDrive\CEFET\LSDIII\Sistema_de_T #
#                            emporizacao\codigo\Debug\List\sistema_de_temporiz #
#                            acao.map                                          #
#                            -xms                                              #
#                            "-IC:\Program Files (x86)\IAR Systems\Embedded Wo #
#                            rkbench 8.5\430\LIB\\"                            #
#                            -f                                                #
#                            "C:\Program Files (x86)\IAR Systems\Embedded Work #
#                            bench 8.5\430\config\linker\lnk430f1121.xcl"      #
#                            (-cmsp430 -QCODE_I=CODE_ID -QTLS16_I=TLS16_ID     #
#                            -Z(CONST)INFO=1000-10FF                           #
#                            -Z(CONST)INFOA=1080-10FF                          #
#                            -Z(CONST)INFOB=1000-107F                          #
#                            -Z(DATA)DATA16_I,DATA16_Z,DATA16_N,TLS16_I=0200-0 #
#                            2FF                                               #
#                            -Z(DATA)DATA16_HEAP+_DATA16_HEAP_SIZE             #
#                            -Z(DATA)CODE_I -Z(DATA)CSTACK+_STACK_SIZE#        #
#                            -Z(CONST)DATA16_C,DATA16_ID,TLS16_ID,DIFUNCT,CHEC #
#                            KSUM=F000-FFDF                                    #
#                            -Z(CODE)CSTART,ISR_CODE,CODE_ID=F000-FFDF         #
#                            -P(CODE)CODE=F000-FFDF -Z(CODE)INTVEC=FFE0-FFFF   #
#                            -Z(CODE)RESET=FFFE-FFFF) -D_STACK_SIZE=50 -rt     #
#                            "C:\Program Files (x86)\IAR Systems\Embedded Work #
#                            bench 8.5\430\lib\dlib\dl430fn.r43"               #
#                            -e_PrintfLarge=_Printf -e_ScanfLarge=_Scanf       #
#                            -D_DATA16_HEAP_SIZE=50                            #
#                            -Oelf=C:\Users\guilh\OneDrive\CEFET\LSDIII\Sistem #
#                            a_de_Temporizacao\codigo\Debug\Exe\sistema_de_tem #
#                            porizacao.elf                                     #
#                            -s __program_start -D_DATA20_HEAP_SIZE=50)        #
#                                                                              #
#                           Copyright (C) 1987-2019 IAR Systems AB.            #
################################################################################





                ****************************************
                *                                      *
                *           CROSS REFERENCE            *
                *                                      *
                ****************************************

       Program entry at :           F026  Relocatable, from module : ?cstart




                ****************************************
                *                                      *
                *            RUNTIME MODEL             *
                *                                      *
                ****************************************

  __Heap_Handler             = Basic
  __SystemLibrary            = DLib
  __core                     = 430
  __dlib_file_descriptor     = 0
  __dlib_full_locale_support = 0
  __double_size              = 32
  __pic                      = no
  __reg_r4                   = free
  __reg_r5                   = free
  __rt_version               = 3

                ****************************************
                *                                      *
                *    AUTOMATIC SYMBOL REDIRECTIONS     *
                *                                      *
                ****************************************

                  There are no automatic symbol redirections.



                ****************************************
                *                                      *
                *              MODULE MAP              *
                *                                      *
                ****************************************


  DEFINED ABSOLUTE ENTRIES
    *************************************************************************

  DEFINED ABSOLUTE ENTRIES
  PROGRAM MODULE, NAME : ?ABS_ENTRY_MOD

Absolute parts
           ENTRY                   ADDRESS         REF BY
           =====                   =======         ======
           _DATA20_HEAP_SIZE       0050 
           _DATA16_HEAP_SIZE       0050 
           _STACK_SIZE             0050 
    *************************************************************************

  FILE NAME : C:\Users\guilh\OneDrive\CEFET\LSDIII\Sistema_de_Temporizacao\codigo\Debug\Obj\funcionalidades.r43
  PROGRAM MODULE, NAME : funcionalidades

  SEGMENTS IN THE MODULE
  ======================
DATA16_Z
  Relative segment, address: 0202 - 0202 (0x1 bytes), align: 0
  Segment part 2.             Intra module refs:   trata_interrupcao
                                                   trata_tecla
           ENTRY                   ADDRESS         REF BY
           =====                   =======         ======
           disparar                0202 
    -------------------------------------------------------------------------
DATA16_Z
  Relative segment, address: 0203 - 0203 (0x1 bytes), align: 0
  Segment part 3.             Intra module refs:   trata_interrupcao
                                                   trata_tecla
           ENTRY                   ADDRESS         REF BY
           =====                   =======         ======
           modo                    0203 
    -------------------------------------------------------------------------
DATA16_I
  Relative segment, address: 0200 - 0200 (0x1 bytes), align: 0
  Segment part 4.             Intra module refs:   trata_interrupcao
           ENTRY                   ADDRESS         REF BY
           =====                   =======         ======
           temp                    0200 
    -------------------------------------------------------------------------
DATA16_Z
  Relative segment, address: 0204 - 0204 (0x1 bytes), align: 0
  Segment part 6.             Intra module refs:   trata_interrupcao
                                                   trata_tecla
           ENTRY                   ADDRESS         REF BY
           =====                   =======         ======
           temp_zerou              0204 
    -------------------------------------------------------------------------
DATA16_Z
  Relative segment, address: 0205 - 0205 (0x1 bytes), align: 0
  Segment part 7.             Intra module refs:   dec_hora_disp
                                                   dec_seg_disp
                                                   inc_hora_disp
                                                   inicia_rlg
                                                   inicia_temp
                                                   registra_temp
                                                   zera_disp
           ENTRY                   ADDRESS         REF BY
           =====                   =======         ======
           d1                      0205 
    -------------------------------------------------------------------------
DATA16_Z
  Relative segment, address: 0206 - 0206 (0x1 bytes), align: 0
  Segment part 8.             Intra module refs:   dec_hora_disp
                                                   dec_seg_disp
                                                   inc_hora_disp
                                                   inicia_rlg
                                                   inicia_temp
                                                   registra_temp
                                                   zera_disp
           ENTRY                   ADDRESS         REF BY
           =====                   =======         ======
           d2                      0206 
    -------------------------------------------------------------------------
DATA16_Z
  Relative segment, address: 0207 - 0207 (0x1 bytes), align: 0
  Segment part 9.             Intra module refs:   dec_min_disp
                                                   dec_seg_disp
                                                   inc_hora_disp
                                                   inc_min_disp
                                                   inicia_rlg
                                                   inicia_temp
                                                   registra_temp
                                                   zera_disp
           ENTRY                   ADDRESS         REF BY
           =====                   =======         ======
           d3                      0207 
    -------------------------------------------------------------------------
DATA16_Z
  Relative segment, address: 0208 - 0208 (0x1 bytes), align: 0
  Segment part 10.            Intra module refs:   dec_min_disp
                                                   dec_seg_disp
                                                   inc_hora_disp
                                                   inc_min_disp
                                                   inicia_rlg
                                                   inicia_temp
                                                   registra_temp
                                                   zera_disp
           ENTRY                   ADDRESS         REF BY
           =====                   =======         ======
           d4                      0208 
    -------------------------------------------------------------------------
DATA16_Z
  Relative segment, address: 0209 - 0209 (0x1 bytes), align: 0
  Segment part 11.            Intra module refs:   dec_seg_disp
                                                   inc_seg_disp
                                                   inicia_rlg
                                                   inicia_temp
                                                   registra_temp
                                                   zera_disp
           ENTRY                   ADDRESS         REF BY
           =====                   =======         ======
           d5                      0209 
    -------------------------------------------------------------------------
DATA16_Z
  Relative segment, address: 020A - 020A (0x1 bytes), align: 0
  Segment part 12.            Intra module refs:   dec_seg_disp
                                                   inc_seg_disp
                                                   inicia_rlg
                                                   inicia_temp
                                                   registra_temp
                                                   zera_disp
           ENTRY                   ADDRESS         REF BY
           =====                   =======         ======
           d6                      020A 
    -------------------------------------------------------------------------
DATA16_Z
  Relative segment, address: 020B - 020B (0x1 bytes), align: 0
  Segment part 13.            Intra module refs:   dec_hora_rlg
                                                   inc_hora_rlg
                                                   inicia_rlg
           ENTRY                   ADDRESS         REF BY
           =====                   =======         ======
           r1                      020B 
    -------------------------------------------------------------------------
DATA16_Z
  Relative segment, address: 020C - 020C (0x1 bytes), align: 0
  Segment part 14.            Intra module refs:   dec_hora_rlg
                                                   inc_hora_rlg
                                                   inicia_rlg
           ENTRY                   ADDRESS         REF BY
           =====                   =======         ======
           r2                      020C 
    -------------------------------------------------------------------------
DATA16_Z
  Relative segment, address: 020D - 020D (0x1 bytes), align: 0
  Segment part 15.            Intra module refs:   dec_min_rlg
                                                   inc_hora_rlg
                                                   inc_min_rlg
                                                   inicia_rlg
           ENTRY                   ADDRESS         REF BY
           =====                   =======         ======
           r3                      020D 
    -------------------------------------------------------------------------
DATA16_Z
  Relative segment, address: 020E - 020E (0x1 bytes), align: 0
  Segment part 16.            Intra module refs:   dec_min_rlg
                                                   inc_hora_rlg
                                                   inc_min_rlg
                                                   inicia_rlg
           ENTRY                   ADDRESS         REF BY
           =====                   =======         ======
           r4                      020E 
    -------------------------------------------------------------------------
DATA16_Z
  Relative segment, address: 020F - 020F (0x1 bytes), align: 0
  Segment part 17.            Intra module refs:   inc_hora_rlg
                                                   inc_seg_rlg
                                                   inicia_rlg
           ENTRY                   ADDRESS         REF BY
           =====                   =======         ======
           r5                      020F 
    -------------------------------------------------------------------------
DATA16_Z
  Relative segment, address: 0210 - 0210 (0x1 bytes), align: 0
  Segment part 18.            Intra module refs:   inc_hora_rlg
                                                   inc_seg_rlg
                                                   inicia_rlg
           ENTRY                   ADDRESS         REF BY
           =====                   =======         ======
           r6                      0210 
    -------------------------------------------------------------------------
DATA16_Z
  Relative segment, address: 0211 - 0211 (0x1 bytes), align: 0
  Segment part 19.            Intra module refs:   inicia_temp
                                                   registra_temp
           ENTRY                   ADDRESS         REF BY
           =====                   =======         ======
           t1                      0211 
    -------------------------------------------------------------------------
DATA16_Z
  Relative segment, address: 0212 - 0212 (0x1 bytes), align: 0
  Segment part 20.            Intra module refs:   inicia_temp
                                                   registra_temp
           ENTRY                   ADDRESS         REF BY
           =====                   =======         ======
           t2                      0212 
    -------------------------------------------------------------------------
DATA16_I
  Relative segment, address: 0201 - 0201 (0x1 bytes), align: 0
  Segment part 21.            Intra module refs:   inicia_temp
                                                   registra_temp
           ENTRY                   ADDRESS         REF BY
           =====                   =======         ======
           t3                      0201 
    -------------------------------------------------------------------------
DATA16_Z
  Relative segment, address: 0213 - 0213 (0x1 bytes), align: 0
  Segment part 23.            Intra module refs:   inicia_temp
                                                   registra_temp
           ENTRY                   ADDRESS         REF BY
           =====                   =======         ======
           t4                      0213 
    -------------------------------------------------------------------------
DATA16_Z
  Relative segment, address: 0214 - 0214 (0x1 bytes), align: 0
  Segment part 24.            Intra module refs:   inicia_temp
                                                   registra_temp
           ENTRY                   ADDRESS         REF BY
           =====                   =======         ======
           t5                      0214 
    -------------------------------------------------------------------------
DATA16_Z
  Relative segment, address: 0215 - 0215 (0x1 bytes), align: 0
  Segment part 25.            Intra module refs:   inicia_temp
                                                   registra_temp
           ENTRY                   ADDRESS         REF BY
           =====                   =======         ======
           t6                      0215 
    -------------------------------------------------------------------------
<CODE> 1 (was CODE)
  Relative segment, address: F56C - F5D5 (0x6a bytes), align: 1
  Segment part 29.            Intra module refs:   trata_interrupcao
           ENTRY                   ADDRESS         REF BY
           =====                   =======         ======
           inc_seg_disp            F56C 
               calls direct
    -------------------------------------------------------------------------
<CODE> 1 (was CODE)
  Relative segment, address: F63E - F6A3 (0x66 bytes), align: 1
  Segment part 28.            Intra module refs:   inc_seg_disp
                                                   trata_tecla
           ENTRY                   ADDRESS         REF BY
           =====                   =======         ======
           inc_min_disp            F63E 
               calls direct
    -------------------------------------------------------------------------
<CODE> 1 (was CODE)
  Relative segment, address: F1F4 - F28D (0x9a bytes), align: 1
  Segment part 27.            Intra module refs:   inc_min_disp
                                                   trata_tecla
           ENTRY                   ADDRESS         REF BY
           =====                   =======         ======
           inc_hora_disp           F1F4 
               calls direct
    -------------------------------------------------------------------------
<CODE> 1 (was CODE)
  Relative segment, address: F844 - F86D (0x2a bytes), align: 1
  Segment part 32.            Intra module refs:   trata_interrupcao
           ENTRY                   ADDRESS         REF BY
           =====                   =======         ======
           inc_seg_rlg             F844 
               calls direct
    -------------------------------------------------------------------------
<CODE> 1 (was CODE)
  Relative segment, address: F81A - F843 (0x2a bytes), align: 1
  Segment part 31.            Intra module refs:   inc_seg_rlg
                                                   trata_tecla
           ENTRY                   ADDRESS         REF BY
           =====                   =======         ======
           inc_min_rlg             F81A 
               calls direct
    -------------------------------------------------------------------------
<CODE> 1 (was CODE)
  Relative segment, address: F5D6 - F63D (0x68 bytes), align: 1
  Segment part 30.            Intra module refs:   inc_min_rlg
                                                   trata_tecla
           ENTRY                   ADDRESS         REF BY
           =====                   =======         ======
           inc_hora_rlg            F5D6 
    -------------------------------------------------------------------------
<CODE> 1 (was CODE)
  Relative segment, address: F28E - F30F (0x82 bytes), align: 1
  Segment part 35.            Intra module refs:   trata_interrupcao
           ENTRY                   ADDRESS         REF BY
           =====                   =======         ======
           dec_seg_disp            F28E 
               calls direct
    -------------------------------------------------------------------------
<CODE> 1 (was CODE)
  Relative segment, address: F6A4 - F709 (0x66 bytes), align: 1
  Segment part 34.            Intra module refs:   dec_seg_disp
                                                   trata_tecla
           ENTRY                   ADDRESS         REF BY
           =====                   =======         ======
           dec_min_disp            F6A4 
               calls direct
    -------------------------------------------------------------------------
<CODE> 1 (was CODE)
  Relative segment, address: F4FC - F56B (0x70 bytes), align: 1
  Segment part 33.            Intra module refs:   dec_min_disp
                                                   trata_tecla
           ENTRY                   ADDRESS         REF BY
           =====                   =======         ======
           dec_hora_disp           F4FC 
               calls direct
    -------------------------------------------------------------------------
<CODE> 1 (was CODE)
  Relative segment, address: F7F0 - F819 (0x2a bytes), align: 1
  Segment part 37.            Intra module refs:   trata_tecla
           ENTRY                   ADDRESS         REF BY
           =====                   =======         ======
           dec_min_rlg             F7F0 
               calls direct
    -------------------------------------------------------------------------
<CODE> 1 (was CODE)
  Relative segment, address: F86E - F897 (0x2a bytes), align: 1
  Segment part 36.            Intra module refs:   dec_min_rlg
                                                   trata_tecla
           ENTRY                   ADDRESS         REF BY
           =====                   =======         ======
           dec_hora_rlg            F86E 
    -------------------------------------------------------------------------
<CODE> 1 (was CODE)
  Relative segment, address: F488 - F4FB (0x74 bytes), align: 1
  Segment part 26.            Intra module refs:   inc_hora_disp
                                                   trata_tecla
           ENTRY                   ADDRESS         REF BY
           =====                   =======         ======
           zera_disp               F488 
               calls direct
    -------------------------------------------------------------------------
<CODE> 1 (was CODE)
  Relative segment, address: F310 - F38F (0x80 bytes), align: 1
  Segment part 38.            Intra module refs:   trata_tecla
           ENTRY                   ADDRESS         REF BY
           =====                   =======         ======
           inicia_temp             F310 
               calls direct
    -------------------------------------------------------------------------
<CODE> 1 (was CODE)
  Relative segment, address: F936 - F95B (0x26 bytes), align: 1
  Segment part 39.            Intra module refs:   trata_tecla
           ENTRY                   ADDRESS         REF BY
           =====                   =======         ======
           registra_temp           F936 
    -------------------------------------------------------------------------
<CODE> 1 (was CODE)
  Relative segment, address: F390 - F40F (0x80 bytes), align: 1
  Segment part 41.            Intra module refs:   trata_tecla
           ENTRY                   ADDRESS         REF BY
           =====                   =======         ======
           inicia_rlg              F390 
               calls direct
    -------------------------------------------------------------------------
<CODE> 1 (was CODE)
  Relative segment, address: F04E - F1F3 (0x1a6 bytes), align: 1
  Segment part 42.
           ENTRY                   ADDRESS         REF BY
           =====                   =======         ======
           trata_tecla             F04E            main (main)
               calls direct
    -------------------------------------------------------------------------
<CODE> 1 (was CODE)
  Relative segment, address: F76E - F7B3 (0x46 bytes), align: 1
  Segment part 43.
           ENTRY                   ADDRESS         REF BY
           =====                   =======         ======
           trata_interrupcao       F76E            TIMER0_A1_ISR (main)
               calls direct
    -------------------------------------------------------------------------
DATA16_ID
  Relative segment, address: F024 - F024 (0x1 bytes), align: 0
  Segment part 5.             Intra module refs:   temp
    -------------------------------------------------------------------------
DATA16_ID
  Relative segment, address: F025 - F025 (0x1 bytes), align: 0
  Segment part 22.            Intra module refs:   t3

    *************************************************************************

  FILE NAME : C:\Users\guilh\OneDrive\CEFET\LSDIII\Sistema_de_Temporizacao\codigo\Debug\Obj\lcd.r43
  PROGRAM MODULE, NAME : lcd

  SEGMENTS IN THE MODULE
  ======================
DATA16_AN
  Relative segment, address: 0021 - 0021 (0x1 bytes), align: 0
  Segment part 1. ROOT        Intra module refs:   configura_msp (timer)
                                                   envia_comando
                                                   envia_dado
                                                   teclado (teclado)
           ENTRY                   ADDRESS         REF BY
           =====                   =======         ======
           P1OUT                   0021 
    -------------------------------------------------------------------------
DATA16_AN
  Relative segment, address: 0029 - 0029 (0x1 bytes), align: 0
  Segment part 2. ROOT        Intra module refs:   configura_msp (timer)
                                                   envia_comando
                                                   envia_dado
                                                   ler_colunas (teclado)
                                                   pulso
           ENTRY                   ADDRESS         REF BY
           =====                   =======         ======
           P2OUT                   0029 
    -------------------------------------------------------------------------
<CODE> 1 (was CODE)
  Relative segment, address: F8EA - F90F (0x26 bytes), align: 1
  Segment part 4.             Intra module refs:   envia_comando
                                                   envia_dado
           ENTRY                   ADDRESS         REF BY
           =====                   =======         ======
           pulso                   F8EA 
    -------------------------------------------------------------------------
<CODE> 1 (was CODE)
  Relative segment, address: F9CE - F9DB (0xe bytes), align: 1
  Segment part 5.             Intra module refs:   envia_numero
                                                   envia_string
           ENTRY                   ADDRESS         REF BY
           =====                   =======         ======
           envia_dado              F9CE            trata_tecla (funcionalidades)
               calls direct
    -------------------------------------------------------------------------
<CODE> 1 (was CODE)
  Relative segment, address: F9DC - F9E9 (0xe bytes), align: 1
  Segment part 6.             Intra module refs:   desloca_cursor
                                                   programa_lcd
           ENTRY                   ADDRESS         REF BY
           =====                   =======         ======
           envia_comando           F9DC 
               calls direct
    -------------------------------------------------------------------------
<CODE> 1 (was CODE)
  Relative segment, address: F972 - F985 (0x14 bytes), align: 1
  Segment part 7.
           ENTRY                   ADDRESS         REF BY
           =====                   =======         ======
           envia_string            F972            main (main)
               calls direct
    -------------------------------------------------------------------------
<CODE> 1 (was CODE)
  Relative segment, address: F70A - F76D (0x64 bytes), align: 1
  Segment part 8.
           ENTRY                   ADDRESS         REF BY
           =====                   =======         ======
           desloca_cursor          F70A            dec_hora_disp (funcionalidades)
                                                   dec_min_disp (funcionalidades)
                                                   dec_seg_disp (funcionalidades)
                                                   inc_hora_disp (funcionalidades)
                                                   inc_min_disp (funcionalidades)
                                                   inc_seg_disp (funcionalidades)
                                                   inicia_rlg (funcionalidades)
                                                   inicia_temp (funcionalidades)
                                                   trata_tecla (funcionalidades)
                                                   zera_disp (funcionalidades)
               calls direct
    -------------------------------------------------------------------------
<CODE> 1 (was CODE)
  Relative segment, address: F9EA - F9F3 (0xa bytes), align: 1
  Segment part 9.
           ENTRY                   ADDRESS         REF BY
           =====                   =======         ======
           envia_numero            F9EA            dec_hora_disp (funcionalidades)
                                                   dec_min_disp (funcionalidades)
                                                   dec_seg_disp (funcionalidades)
                                                   inc_hora_disp (funcionalidades)
                                                   inc_min_disp (funcionalidades)
                                                   inc_seg_disp (funcionalidades)
                                                   inicia_rlg (funcionalidades)
                                                   inicia_temp (funcionalidades)
                                                   zera_disp (funcionalidades)
               calls direct
    -------------------------------------------------------------------------
<CODE> 1 (was CODE)
  Relative segment, address: F898 - F8C1 (0x2a bytes), align: 1
  Segment part 10.
           ENTRY                   ADDRESS         REF BY
           =====                   =======         ======
           programa_lcd            F898            main (main)
               calls direct

    *************************************************************************

  FILE NAME : C:\Users\guilh\OneDrive\CEFET\LSDIII\Sistema_de_Temporizacao\codigo\Debug\Obj\main.r43
  PROGRAM MODULE, NAME : main

  SEGMENTS IN THE MODULE
  ======================
DATA16_AN
  Relative segment, address: 0120 - 0121 (0x2 bytes), align: 0
  Segment part 1. ROOT        Intra module refs:   main
           ENTRY                   ADDRESS         REF BY
           =====                   =======         ======
           WDTCTL                  0120 
    -------------------------------------------------------------------------
DATA16_AN
  Relative segment, address: 012E - 012F (0x2 bytes), align: 0
  Segment part 2. ROOT        Intra module refs:   TIMER0_A1_ISR
           ENTRY                   ADDRESS         REF BY
           =====                   =======         ======
           TAIV                    012E 
    -------------------------------------------------------------------------
<CODE> 1 (was CODE)
  Relative segment, address: F8C2 - F8E9 (0x28 bytes), align: 1
  Segment part 6.
           ENTRY                   ADDRESS         REF BY
           =====                   =======         ======
           main                    F8C2            Segment part 19 (?cstart)
               calls direct
    -------------------------------------------------------------------------
<CODE> 1 (was CODE)
  Relative segment, address: F910 - F935 (0x26 bytes), align: 1
  Segment part 7.             Intra module refs:   TIMER0_A1_ISR::??INTVEC 16
           ENTRY                   ADDRESS         REF BY
           =====                   =======         ======
           TIMER0_A1_ISR           F910 
               interrupt function
               calls direct
    -------------------------------------------------------------------------
INTVEC
  Common segment, address: FFE0 - FFF1 (0x12 bytes), align: 1
  Segment part 3. ROOT 
           ENTRY                   ADDRESS         REF BY
           =====                   =======         ======
           TIMER0_A1_ISR::??INTVEC 16
                                   FFF0 
    -------------------------------------------------------------------------
DATA16_C
  Relative segment, address: F000 - F00C (0xd bytes), align: 0
  Segment part 5.             Intra module refs:   main

    *************************************************************************

  FILE NAME : C:\Users\guilh\OneDrive\CEFET\LSDIII\Sistema_de_Temporizacao\codigo\Debug\Obj\teclado.r43
  PROGRAM MODULE, NAME : teclado

  SEGMENTS IN THE MODULE
  ======================
DATA16_AN
  Relative segment, address: 0028 - 0028 (0x1 bytes), align: 0
  Segment part 2. ROOT        Intra module refs:   ler_colunas
           ENTRY                   ADDRESS         REF BY
           =====                   =======         ======
           P2IN                    0028 
    -------------------------------------------------------------------------
DATA16_C
  Relative segment, address: F00D - F01D (0x11 bytes), align: 0
  Segment part 5.             Intra module refs:   teclado
           ENTRY                   ADDRESS         REF BY
           =====                   =======         ======
           TAB_TEC                 F00D 
    -------------------------------------------------------------------------
DATA16_C
  Relative segment, address: F01E - F022 (0x5 bytes), align: 0
  Segment part 6.             Intra module refs:   teclado
           ENTRY                   ADDRESS         REF BY
           =====                   =======         ======
           TAB_LIN                 F01E 
    -------------------------------------------------------------------------
<CODE> 1 (was CODE)
  Relative segment, address: F7B4 - F7EF (0x3c bytes), align: 1
  Segment part 7.             Intra module refs:   teclado
           ENTRY                   ADDRESS         REF BY
           =====                   =======         ======
           ler_colunas             F7B4 
    -------------------------------------------------------------------------
<CODE> 1 (was CODE)
  Relative segment, address: F410 - F487 (0x78 bytes), align: 1
  Segment part 8.
           ENTRY                   ADDRESS         REF BY
           =====                   =======         ======
           teclado                 F410            main (main)
               calls direct

    *************************************************************************

  FILE NAME : C:\Users\guilh\OneDrive\CEFET\LSDIII\Sistema_de_Temporizacao\codigo\Debug\Obj\timer.r43
  PROGRAM MODULE, NAME : timer

  SEGMENTS IN THE MODULE
  ======================
DATA16_AN
  Relative segment, address: 0022 - 0022 (0x1 bytes), align: 0
  Segment part 2. ROOT        Intra module refs:   configura_msp
           ENTRY                   ADDRESS         REF BY
           =====                   =======         ======
           P1DIR                   0022 
    -------------------------------------------------------------------------
DATA16_AN
  Relative segment, address: 002A - 002A (0x1 bytes), align: 0
  Segment part 4. ROOT        Intra module refs:   configura_msp
           ENTRY                   ADDRESS         REF BY
           =====                   =======         ======
           P2DIR                   002A 
    -------------------------------------------------------------------------
DATA16_AN
  Relative segment, address: 0160 - 0161 (0x2 bytes), align: 0
  Segment part 5. ROOT        Intra module refs:   configura_timer
           ENTRY                   ADDRESS         REF BY
           =====                   =======         ======
           TACTL                   0160 
    -------------------------------------------------------------------------
DATA16_AN
  Relative segment, address: 0170 - 0171 (0x2 bytes), align: 0
  Segment part 6. ROOT        Intra module refs:   configura_timer
           ENTRY                   ADDRESS         REF BY
           =====                   =======         ======
           TAR                     0170 
    -------------------------------------------------------------------------
DATA16_AN
  Relative segment, address: 0172 - 0173 (0x2 bytes), align: 0
  Segment part 7. ROOT        Intra module refs:   configura_timer
           ENTRY                   ADDRESS         REF BY
           =====                   =======         ======
           TACCR0                  0172 
    -------------------------------------------------------------------------
<CODE> 1 (was CODE)
  Relative segment, address: F95C - F971 (0x16 bytes), align: 1
  Segment part 9.
           ENTRY                   ADDRESS         REF BY
           =====                   =======         ======
           configura_msp           F95C            main (main)
    -------------------------------------------------------------------------
<CODE> 1 (was CODE)
  Relative segment, address: F986 - F999 (0x14 bytes), align: 1
  Segment part 10.
           ENTRY                   ADDRESS         REF BY
           =====                   =======         ======
           configura_timer         F986            main (main)

    *************************************************************************

  FILE NAME : C:\Program Files (x86)\IAR Systems\Embedded Workbench 8.5\430\lib\dlib\dl430fn.r43
  LIBRARY MODULE, NAME : ?__dbg_break

  SEGMENTS IN THE MODULE
  ======================
<CODE> 1 (was CODE)
  Relative segment, address: FA00 - FA01 (0x2 bytes), align: 1
  Segment part 2.
           ENTRY                   ADDRESS         REF BY
           =====                   =======         ======
           __DebugBreak            FA00            __exit (?__exit)

    -------------------------------------------------------------------------
  LIBRARY MODULE, NAME : ?__exit

  SEGMENTS IN THE MODULE
  ======================
<CODE> 1 (was CODE)
  Relative segment, address: F9AC - F9BD (0x12 bytes), align: 1
  Segment part 2.
           ENTRY                   ADDRESS         REF BY
           =====                   =======         ======
           __exit                  F9AC            Segment part 6 (?_exit)
                                                   _exit (?_exit)
               calls direct

    -------------------------------------------------------------------------
  LIBRARY MODULE, NAME : ?_exit

  SEGMENTS IN THE MODULE
  ======================
<CODE> 1 (was CODE)
  Relative segment, address: F9FC, align: 1
  Segment part 0.
           ENTRY                   ADDRESS         REF BY
           =====                   =======         ======
           _exit                   F9FC            exit (?exit)
    -------------------------------------------------------------------------
<CODE> 1 (was CODE)
  Relative segment, address: F9FC - F9FF (0x4 bytes), align: 1
  Segment part 6.             Intra module refs:   _exit

    -------------------------------------------------------------------------
  LIBRARY MODULE, NAME : ?cstart

  SEGMENTS IN THE MODULE
  ======================
CSTACK
  Relative segment, address: 02B0, align: 1
  Segment part 1.
    -------------------------------------------------------------------------
DATA16_Z
  Relative segment, address: 0202, align: 1
  Segment part 2.
    -------------------------------------------------------------------------
DATA16_I
  Relative segment, address: 0200, align: 1
  Segment part 3.
    -------------------------------------------------------------------------
DATA16_ID
  Relative segment, address: F024, align: 1
  Segment part 4.
    -------------------------------------------------------------------------
CSTART
  Relative segment, address: F026 - F029 (0x4 bytes), align: 1
  Segment part 9.
           ENTRY                   ADDRESS         REF BY
           =====                   =======         ======
           __program_start         F026            ?reset_vector (?reset_vector)
                                                   Absolute parts (?ABS_ENTRY_MOD)
           ?cstart_begin           F026 
    -------------------------------------------------------------------------
CSTART
  Relative segment, address: F02A - F035 (0xc bytes), align: 1
  Segment part 14.
           ENTRY                   ADDRESS         REF BY
           =====                   =======         ======
           ?cstart_init_zero       F02A            d1 (funcionalidades)
                                                   d2 (funcionalidades)
                                                   d3 (funcionalidades)
                                                   d4 (funcionalidades)
                                                   d5 (funcionalidades)
                                                   d6 (funcionalidades)
                                                   disparar (funcionalidades)
                                                   modo (funcionalidades)
                                                   r1 (funcionalidades)
                                                   r2 (funcionalidades)
                                                   r3 (funcionalidades)
                                                   r4 (funcionalidades)
                                                   r5 (funcionalidades)
                                                   r6 (funcionalidades)
                                                   t1 (funcionalidades)
                                                   t2 (funcionalidades)
                                                   t4 (funcionalidades)
                                                   t5 (funcionalidades)
                                                   t6 (funcionalidades)
                                                   temp_zerou (funcionalidades)
    -------------------------------------------------------------------------
CSTART
  Relative segment, address: F036 - F045 (0x10 bytes), align: 1
  Segment part 15.
           ENTRY                   ADDRESS         REF BY
           =====                   =======         ======
           ?cstart_init_copy       F036            t3 (funcionalidades)
                                                   temp (funcionalidades)
    -------------------------------------------------------------------------
CSTART
  Relative segment, address: F046 - F04D (0x8 bytes), align: 1
  Segment part 19.            Intra module refs:   Segment part 9
           ENTRY                   ADDRESS         REF BY
           =====                   =======         ======
           ?cstart_call_main       F046 
           ?cstart_end             F04E 

    -------------------------------------------------------------------------
  LIBRARY MODULE, NAME : ?reset_vector

  SEGMENTS IN THE MODULE
  ======================
RESET
  Relative segment, address: FFFE - FFFF (0x2 bytes), align: 1
  Segment part 0.
           ENTRY                   ADDRESS         REF BY
           =====                   =======         ======
           ?reset_vector           FFFE            Segment part 9 (?cstart)

    -------------------------------------------------------------------------
  LIBRARY MODULE, NAME : ?exit

  SEGMENTS IN THE MODULE
  ======================
<CODE> 1 (was CODE)
  Relative segment, address: F9F8 - F9FB (0x4 bytes), align: 1
  Segment part 2.
           ENTRY                   ADDRESS         REF BY
           =====                   =======         ======
           exit                    F9F8            Segment part 19 (?cstart)
               calls direct

    -------------------------------------------------------------------------
  LIBRARY MODULE, NAME : ?memcpy

  SEGMENTS IN THE MODULE
  ======================
<CODE> 1 (was CODE)
  Relative segment, address: F99A - F9AB (0x12 bytes), align: 1
  Segment part 2.
           ENTRY                   ADDRESS         REF BY
           =====                   =======         ======
           memcpy                  F99A            __data16_memcpy (?memzero)

    -------------------------------------------------------------------------
  LIBRARY MODULE, NAME : ?memzero

  SEGMENTS IN THE MODULE
  ======================
<CODE> 1 (was CODE)
  Relative segment, address: F9BE - F9CD (0x10 bytes), align: 1
  Segment part 2.
           ENTRY                   ADDRESS         REF BY
           =====                   =======         ======
           __data16_memzero        F9BE            ?cstart_init_zero (?cstart)
    -------------------------------------------------------------------------
<CODE> 1 (was CODE)
  Relative segment, address: F9F4 - F9F7 (0x4 bytes), align: 1
  Segment part 3.
           ENTRY                   ADDRESS         REF BY
           =====                   =======         ======
           __data16_memcpy         F9F4            ?cstart_init_copy (?cstart)
               calls direct




                ****************************************
                *                                      *
                *      SEGMENTS IN ADDRESS ORDER       *
                *                                      *
                ****************************************


SEGMENT              SPACE    START ADDRESS   END ADDRESS     SIZE  TYPE  ALIGN
=======              =====    =============   ===========     ====  ====  =====
DATA16_AN                              0021 - 0022               2   rel    0
                                       0028 - 002A               3 
                                       0120 - 0121               2 
                                       012E - 012F               2 
                                       0160 - 0161               2 
                                       0170 - 0173               4 
DATA16_I                               0200 - 0201               2   rel    1
DATA16_Z                               0202 - 0215              14   rel    1
CSTACK                                 02B0 - 02FF              50   rel    1
DATA16_C                               F000 - F022              23   rel    0
DATA16_ID                              F024 - F025               2   rel    1
CSTART                                 F026 - F04D              28   rel    1
<CODE> 1                               F04E - FA01             9B4   rel    1
INTVEC                                 FFE0 - FFF1              12   com    1
RESET                                  FFFE - FFFF               2   rel    1

                ****************************************
                *                                      *
                *        END OF CROSS REFERENCE        *
                *                                      *
                ****************************************

 2 544 bytes of CODE  memory
   102 bytes of DATA  memory (+ 15 absolute )
    37 bytes of CONST memory

Errors: none
Warnings: none

